---
layout: post
title: 内存分配与回收策略
permalink: /jvm/allo
---

关于内存分配，对象主要分配在新生代Eden区上，少数情况也会分配在老年代中，分配规则取决于使用的垃圾收集器组合以及虚拟机中内存相关参数的设置。后文所式的代码测试时使用的时JDK1.7，所以测试结果与书中不太一样，稍后会做一些简单的介绍。

###对象优先在Eden分配

大多数情况，对象在新生代中分配，当Eden区没有足够大得空间时，虚拟机将发起一次Minor GC。虚拟机提供了-XX:+PrintGCDetials参数打印虚拟机在发生垃圾收集行为时打印内存回收日志，并且在进程退出的时候输出当前的内存各区域分配情况。首先分析下面这段代码。

{% highlight java %}
/**
 * VM Args: -verbose:gc -Xms20M -Xmx20M -Xmn10M -XX:+PrintGCDetails -XX:SurvivorRatio=8
 *
 */
public class MinorGC {
	
	private static final int _1MB = 1024 * 1024;
	
	public static void testAllocation() {
		byte[] allocation1, allocation2, allocation3, allocation4;
		allocation1 = new byte[2 * _1MB];
		allocation2 = new byte[2 * _1MB];
		allocation3 = new byte[2 * _1MB];
		allocation4 = new byte[4 * _1MB]; //出现一次Minor GC
	}
	
	public static void main(String[] args) {
		testAllocation();
	}

}
{% endhighlight %}

这段代码在testAllocation()中分配了3个2MB大小和1个4MB大小的对象，运行时通过-Xms20M、-Xmx20M、-Xmn10M三个参数限制了Java堆大小为20MB，不可扩展，其中10MB分配给新生代，剩下的10MB分配给老年代。-XX:SurvivorRatio=8决定了新生代Eden区与一个Survivor区空间比为8:1，从执行结果中可以看到“eden space 8192K、from space 1024K、to space 1024”这样的信息，新生代总可用空间为9216KB(Eden区+1个Survivor区，另一个Survivor区用于复制算法)。
了解了testAllocation()函数和虚拟机设置的参数后，再在回顾一下使用不同收集器时打印出的新生代回收信息，老年代永久代的输出信息与新生代类似：

* 串行收集器：输出为DefNew，可以使用-XX:+UseSerialGC指定(新生代，老年代都使用串行回收收集器)。
* 并行收集器：输出为PerNew，可以使用-XX:+UseParNewGC指定(新生代使用并行收集器，老年代使用串行回收收集器)或者使用-XX:+UseConcMarkSweepGC指定(新生代使用并行收集器，老年代使用CMS)。
* 并行收集器：输出为PSYoungGen，可以使用-XX:+UseParallelOldGC指定(新生代，老年代都使用并行回收收集器)或者使用-XX:+UseParallelGC指定(新生代使用并行回收收集器，老年代使用串行收集器)。
* garbage-first heap：是使用-XX:+UseG1GC(G1收集器)

下面我们便可以看一下上述代码的执行结果了：

{% highlight java %}
Heap
 PSYoungGen      total 9216K, used 7167K [0x00000007ff600000, 0x0000000800000000, 0x0000000800000000)
  eden space 8192K, 87% used [0x00000007ff600000,0x00000007ffcfff18,0x00000007ffe00000)
  from space 1024K, 0% used [0x00000007fff00000,0x00000007fff00000,0x0000000800000000)
  to   space 1024K, 0% used [0x00000007ffe00000,0x00000007ffe00000,0x00000007fff00000)
 ParOldGen       total 10240K, used 4096K [0x00000007fec00000, 0x00000007ff600000, 0x00000007ff600000)
  object space 10240K, 40% used [0x00000007fec00000,0x00000007ff000010,0x00000007ff600000)
 PSPermGen       total 21504K, used 2630K [0x00000007f9a00000, 0x00000007faf00000, 0x00000007fec00000)
  object space 21504K, 12% used [0x00000007f9a00000,0x00000007f9c91828,0x00000007faf00000)
{% endhighlight %}

看到这段代码的时候，发现和书中执行的结果并不相同，PSYoungGen、ParOldGen、PSPerGen在书中为def new generation、tenured generation、compacting perm gen，原因是JDK1.7默认使用了Parallel Scavenge收集器和Parallel Old收集器。而从执行结果中可知，4MB的对象直接分配到了老年代，导致这种结果的原因可以参考“[eden区没有发生minor gc，对象直接被分配在了old gen][minor]”这篇博文中的讨论部分。
[minor]: http://hllvm.group.iteye.com/group/topic/38293

简单的说，由于第四次分配时，Eden区没有足够的容量分配给allocation4，而4MB的对象大小接近新生代总容量(9MB)的一半，即达到了直接分配到老年代的标准，所以，allocation4没有触发Minor GC，而是直接分配到了老年代，当我们将allocation4大小变为3MB或2MB时，便可以看到一次Minor GC，还有一次Full GC，之所以会产生一次Full GC，是因为PS收集器会在Minor GC后，检查老生代中剩余的空间是否大于晋升到老生代中的对象(指进行Full GC之前所有Minor GC的平均值，这里只进行的一次Minor GC，就是6MB的allocation1~3)大小，如果不大于，则将触发一次Full GC。读者可以自行实验一下。这里再简单说一下Minor GC和Full GC的区别：

* 新生代GC(Minor GC)：指发生在新生代的垃圾收集动作，Minor GC非常频繁，一般回收速度也比较快。
* 老年代GC(Major GC/Full GC)：指发生在老年代的GC，出现Major GC，经常会伴随至少一次的Minor GC(但非绝对，Parallel Scavenge收集器的收集策略里有直接进行Major GC的策略选择过程。)。Major GC的速度一般会比Minor GC慢10倍以上。

当在虚拟机参数加上-XX:+UseSerialGC参数后，可以得到与书中结构相同的输出信息：

{% highlight java %}
[GC[DefNew: 7003K->285K(9216K), 0.0072160 secs] 7003K->6429K(19456K), 0.0072680 secs] [Times: user=0.01 sys=0.00, real=0.01 secs] 
Heap
 def new generation   total 9216K, used 4547K [0x00000007f9a00000, 0x00000007fa400000, 0x00000007fa400000)
  eden space 8192K,  52% used [0x00000007f9a00000, 0x00000007f9e297d8, 0x00000007fa200000)
  from space 1024K,  27% used [0x00000007fa300000, 0x00000007fa347550, 0x00000007fa400000)
  to   space 1024K,   0% used [0x00000007fa200000, 0x00000007fa200000, 0x00000007fa300000)
 tenured generation   total 10240K, used 6144K [0x00000007fa400000, 0x00000007fae00000, 0x00000007fae00000)
   the space 10240K,  60% used [0x00000007fa400000, 0x00000007faa00030, 0x00000007faa00200, 0x00000007fae00000)
 compacting perm gen  total 21248K, used 2630K [0x00000007fae00000, 0x00000007fc2c0000, 0x0000000800000000)
   the space 21248K,  12% used [0x00000007fae00000, 0x00000007fb091828, 0x00000007fb091a00, 0x00000007fc2c0000)
No shared spaces configured.
{% endhighlight %}

在强制使用了Serial收集器后，我们可以看到一次GC，该GC是一次新生代GC(Minor GC)，下面我们详细的分析一下输出信息：

从执行结果和测试代码中可以分析，由于Eden只有8MB，在allocation4分配之前，已Eden已经被占用了6MB，剩下的空间不足以分配4MB的allocation4，因此发生Minor GC。GC期间，3个2MB的对象无法放入Survivor空间(只有1MB大小)，所以只好通过分配担保机制转移到老年代中。从输出信息粗略的分析也可以看到，在GC结束后，eden space占用接近50%，其中便存放着4MB的allocation4，而tenured generation中10240K的空间被占用了60%，即3个2MB的对象占用的6MB空间大小。这里大家可能会有一个疑问，那就是为什么使用PS收集器时触发了Full GC，而这里没有触发Full GC呢，原因是PS收集器触发Full GC的条件和其他收集器触发Full GC的条件略有不同，对于Serial收集器而言，执行Minor GC时不会立即根据老年代剩余容量比晋升到老生代中对象的大小小而触发Full GC，而是在下一次进行Minor GC时和将要晋升到老年代的对象大小和之前所有Minor GC晋升的对象大小取得的平均值(比如，之前进行了两次Minor GC，而平均值为总晋升对象的大小除以2)进行比较，如果此时老年代剩余容量比将要晋升的对象还要小，才会触发执行Full GC。

更多关于Full GC触发条件的问题，可以参看“[内存回收][allo]”这篇读书笔记。
[allo]: http://book.51cto.com/art/201011/235592.htm

###大对象直接进入老年代

所谓的大对象指，需要大量连续空间的Java对象，最典型的大对象就是那种很长的字符串以及数组，比如byte[]数组就是典型的大对象。大对象对虚拟机的内存分配是一个坏消息，尤其是那些朝生夕灭的短命大对象，要尽量避免。经常出现大对象容易导致内存还有不少空间时就触发垃圾收集以获取足够的连续空间分配给它们。

虚拟机提供了-XX:PretenureSizeThreshold参数，令大于这个设定值的对象直接在老年代分配。这样做的目的是避免在区及两个Survivor区之间发生大量的内存复制(新生代复制算法)。下面请看一段测试代码：

{% highlight java %}
/**
 * 
 * VM Args: -verbose:gc -Xms20M -Xmx20M -Xmn10M -XX:+PrintGCDetails -XX:SurvivorRatio=8
 * 			-XX:PretenureSizeThreshold=3145728
 *
 */
public class TenuredTest {

	private static final int _1MB = 1024 * 1024;
	
	public static void testPretenureSizeThreshold() {
		byte[] allocation;
		allocation = new byte[4 * _1MB];
	}
	
	public static void main(String[] args) {
		testPretenureSizeThreshold();
	}
	
}
{% endhighlight %}

当使用PS垃圾收集器时，-XX:PretenureSizeThreshold参数无效，下面的输出结果中可以看出对象还是分配到了新生代。其实，PretenureSizeThreshold参数只对Serial和ParNew收集器有效，所以，如果遇到必须使用该参数的时候，可以考虑ParNew和CMS收集器组合。

{% highlight java %}
Heap
 PSYoungGen      total 9216K, used 5119K [0x00000007ff600000, 0x0000000800000000, 0x0000000800000000)
  eden space 8192K, 62% used [0x00000007ff600000,0x00000007ffafff38,0x00000007ffe00000)
  from space 1024K, 0% used [0x00000007fff00000,0x00000007fff00000,0x0000000800000000)
  to   space 1024K, 0% used [0x00000007ffe00000,0x00000007ffe00000,0x00000007fff00000)
 ParOldGen       total 10240K, used 0K [0x00000007fec00000, 0x00000007ff600000, 0x00000007ff600000)
  object space 10240K, 0% used [0x00000007fec00000,0x00000007fec00000,0x00000007ff600000)
 PSPermGen       total 21504K, used 2629K [0x00000007f9a00000, 0x00000007faf00000, 0x00000007fec00000)
  object space 21504K, 12% used [0x00000007f9a00000,0x00000007f9c917d0,0x00000007faf00000)
{% endhighlight %}

而使用-XX:+UseSerialGC参数强制使用Serial收集器时，对象被分配到了老年代，输出结果如下：

{% highlight java %}
Heap
 def new generation   total 9216K, used 1023K [0x00000007f9a00000, 0x00000007fa400000, 0x00000007fa400000)
  eden space 8192K,  12% used [0x00000007f9a00000, 0x00000007f9afff28, 0x00000007fa200000)
  from space 1024K,   0% used [0x00000007fa200000, 0x00000007fa200000, 0x00000007fa300000)
  to   space 1024K,   0% used [0x00000007fa300000, 0x00000007fa300000, 0x00000007fa400000)
 tenured generation   total 10240K, used 4096K [0x00000007fa400000, 0x00000007fae00000, 0x00000007fae00000)
   the space 10240K,  40% used [0x00000007fa400000, 0x00000007fa800010, 0x00000007fa800200, 0x00000007fae00000)
 compacting perm gen  total 21248K, used 2629K [0x00000007fae00000, 0x00000007fc2c0000, 0x0000000800000000)
   the space 21248K,  12% used [0x00000007fae00000, 0x00000007fb0917d0, 0x00000007fb091800, 0x00000007fc2c0000)
No shared spaces configured.
{% endhighlight %}

###长期存活的对象将进入老年代

虚拟机在回收时可以识别哪些对象应该放在新生代，哪些对象应该放在老年代。为了做到这点，虚拟机给每个对象定义了一个年龄(Age)计数器。如果对象在Eden出生并经过一次Minor GC后仍然存活，并且能被Survivor容纳的话，将被迁移到Survivor空间中，并且对象年龄设置为1。对象在Survivor中每熬过一次Minor GC，年龄就增加1岁，当它的年龄增加到一定程度(默认为15岁)，就会晋升到老年代中。对象晋升老年代的年龄阈值，可以通过设置参数-XX:MaxTenuringThreshold设置。

{% highlight java %}
/**
 * 
 * VM Args: -verbose:gc -Xms20M -Xmx20M -Xmn10M -XX:+PrintGCDetails -XX:SurvivorRatio=8
 *			-XX:MaxTenuringThreshold=1 -XX:+UseSerialGC -XX:+PrintTenuringDistribution
 *
 */
public class OldObjTest {
	private static final int _1MB = 1024 * 1024;

	public static void testTenuringThreshold() {
		byte[] allocation1, allocation2, allocation3;
		allocation1 = new byte[_1MB / 5];
		//什么时候进入老年代取决于XX:MaxTenuringThreshold设置
		allocation2 = new byte[_1MB * 4];
		allocation3 = new byte[_1MB * 4];
		allocation3 = null;
		allocation3 = new byte[_1MB * 4];
	}
	
	public static void main(String[] args) {
		testTenuringThreshold();
	}
}
{% endhighlight %}

从代码中可以得知，allocation1为256KB，当发生第一次GC时，Surivor可以容纳它，当-XX:MaxTenuringThreshold=1时，allocation1将在第二次GC发生时进入老年代，新生代已使用的Survivor内存GC后非常干净的变为0KB(见from区)，输出信息如下：

{% highlight java %}
[GC[DefNew
Desired survivor size 524288 bytes, new threshold 1 (max 1)
- age   1:     501936 bytes,     501936 total
: 5160K->490K(9216K), 0.0065790 secs] 5160K->4586K(19456K), 0.0066330 secs] [Times: user=0.01 sys=0.00, real=0.01 secs] 
[GC[DefNew
Desired survivor size 524288 bytes, new threshold 1 (max 1)
- age   1:        136 bytes,        136 total
: 4670K->0K(9216K), 0.0021550 secs] 8766K->4575K(19456K), 0.0022250 secs] [Times: user=0.00 sys=0.00, real=0.00 secs] 
Heap
 def new generation   total 9216K, used 4260K [0x00000007f9a00000, 0x00000007fa400000, 0x00000007fa400000)
  eden space 8192K,  52% used [0x00000007f9a00000, 0x00000007f9e28fd0, 0x00000007fa200000)
  from space 1024K,   0% used [0x00000007fa200000, 0x00000007fa200088, 0x00000007fa300000)
  to   space 1024K,   0% used [0x00000007fa300000, 0x00000007fa300000, 0x00000007fa400000)
 tenured generation   total 10240K, used 4575K [0x00000007fa400000, 0x00000007fae00000, 0x00000007fae00000)
   the space 10240K,  44% used [0x00000007fa400000, 0x00000007fa877c38, 0x00000007fa877e00, 0x00000007fae00000)
 compacting perm gen  total 21248K, used 2630K [0x00000007fae00000, 0x00000007fc2c0000, 0x0000000800000000)
   the space 21248K,  12% used [0x00000007fae00000, 0x00000007fb091818, 0x00000007fb091a00, 0x00000007fc2c0000)
No shared spaces configured.
{% endhighlight %}

当-XX:MaxTenuringThreshold=15时，在第二次GC后，对象仍然可以存活在Survivor区域，所以从输出信息中可以看到，From区域并不为零。此外，还可以看到，tenured generation区域占用率由44%下降到40%，也说明了allocation1没有进入老年代。

{% highlight java %}
[GC[DefNew
Desired survivor size 524288 bytes, new threshold 15 (max 15)
- age   1:     501936 bytes,     501936 total
: 5160K->490K(9216K), 0.0040390 secs] 5160K->4586K(19456K), 0.0040710 secs] [Times: user=0.00 sys=0.01, real=0.01 secs] 
[GC[DefNew
Desired survivor size 524288 bytes, new threshold 15 (max 15)
- age   1:        136 bytes,        136 total
- age   2:     490576 bytes,     490712 total
: 4670K->479K(9216K), 0.0015000 secs] 8766K->4575K(19456K), 0.0015290 secs] [Times: user=0.00 sys=0.00, real=0.00 secs] 
Heap
 def new generation   total 9216K, used 4795K [0x00000007f9a00000, 0x00000007fa400000, 0x00000007fa400000)
  eden space 8192K,  52% used [0x00000007f9a00000, 0x00000007f9e37048, 0x00000007fa200000)
  from space 1024K,  46% used [0x00000007fa200000, 0x00000007fa277cd8, 0x00000007fa300000)
  to   space 1024K,   0% used [0x00000007fa300000, 0x00000007fa300000, 0x00000007fa400000)
 tenured generation   total 10240K, used 4096K [0x00000007fa400000, 0x00000007fae00000, 0x00000007fae00000)
   the space 10240K,  40% used [0x00000007fa400000, 0x00000007fa800010, 0x00000007fa800200, 0x00000007fae00000)
 compacting perm gen  total 21248K, used 2630K [0x00000007fae00000, 0x00000007fc2c0000, 0x0000000800000000)
   the space 21248K,  12% used [0x00000007fae00000, 0x00000007fb091818, 0x00000007fb091a00, 0x00000007fc2c0000)
No shared spaces configured.
{% endhighlight %}

当然，在某些情况下虚拟机会自动来限定threshold的值，接下来的内容正与此相关。

###动态对象年龄判定

为了使用不同程序的内存情况，虚拟机并不是永远要求对象的年龄必须达到MaxTenuringThreshold才能晋升到老年代，如果Survivor空间中相同年龄所有对象大小的总和大于Survivor空间的一半，年龄大于或等于该年龄的对象就可以直接进入老年代，无须等到MaxTenuringThreshold中要求的年龄。下面请看测试代码：

{% highlight java %}
/**
 * 
 * VM Args: -verbose:gc -Xms20M -Xmx20M -Xmn10M -XX:+PrintGCDetails -XX:SurvivorRatio=8
 *			-XX:MaxTenuringThreshold=15 -XX:+UseSerialGC -XX:+PrintTenuringDistribution
 *
 */
public class AgeJudgeTest {
	
	private static final int _1MB = 1024 * 1024;

	public static void testTenuringThreshold() {
		byte[] allocation1, allocation2, allocation3, allocation4;
		allocation1 = new byte[_1MB / 4];
		//allocation1 + allocation2大于survivor空间一半
		allocation2 = new byte[_1MB / 4];
		allocation3 = new byte[_1MB * 4];
		allocation4 = new byte[_1MB * 4];
		allocation4 = null;
		allocation4 = new byte[_1MB * 4];
	}
	
	public static void main(String[] args) {
		testTenuringThreshold();
	}

}
{% endhighlight %}

该段代码的输出信息如下：

{% highlight java %}
[GC[DefNew
Desired survivor size 524288 bytes, new threshold 1 (max 15)
- age   1:     816544 bytes,     816544 total
: 5467K->797K(9216K), 0.0053290 secs] 5467K->4893K(19456K), 0.0053570 secs] [Times: user=0.01 sys=0.01, real=0.00 secs] 
[GC[DefNew
Desired survivor size 524288 bytes, new threshold 15 (max 15)
- age   1:        136 bytes,        136 total
: 4977K->0K(9216K), 0.0014940 secs] 9073K->4882K(19456K), 0.0015200 secs] [Times: user=0.00 sys=0.00, real=0.00 secs] 
Heap
 def new generation   total 9216K, used 4260K [0x00000007f9a00000, 0x00000007fa400000, 0x00000007fa400000)
  eden space 8192K,  52% used [0x00000007f9a00000, 0x00000007f9e28fd0, 0x00000007fa200000)
  from space 1024K,   0% used [0x00000007fa200000, 0x00000007fa200088, 0x00000007fa300000)
  to   space 1024K,   0% used [0x00000007fa300000, 0x00000007fa300000, 0x00000007fa400000)
 tenured generation   total 10240K, used 4882K [0x00000007fa400000, 0x00000007fae00000, 0x00000007fae00000)
   the space 10240K,  47% used [0x00000007fa400000, 0x00000007fa8c49c8, 0x00000007fa8c4a00, 0x00000007fae00000)
 compacting perm gen  total 21248K, used 2630K [0x00000007fae00000, 0x00000007fc2c0000, 0x0000000800000000)
   the space 21248K,  12% used [0x00000007fae00000, 0x00000007fb091830, 0x00000007fb091a00, 0x00000007fc2c0000)
No shared spaces configured.
{% endhighlight %}

从输出信息中可以看到，第一次Minor GC时，虽然allocation1和allocation2对象都可以进入Survivor区域，但是这两个对象的和816544 bytes大于Survivor区域容量的一半524288 bytes，所以虚拟机会将其threshold设定为1，而不是15，这样，在发生第二次Minor GC时，allocation1和allocation2都将进入老年代。

###空间对象担保

在发生Minor GC之前，虚拟机会先检查老年代最大可用连续空间是否大于新生代所有对象总空间，如果该条件成立，那么Minor GC可以确保是安全的。如果不成立，虚拟机会查看HandlePromotionFailure设置值是否允许担保失败。如果允许，那么会继续查看老年代最大可用的连续空间是否大于历次晋升到老年代对象的平均大小，如果大于，将尝试进行一次Minor GC，尽管这次Minor GC是有风险的；如果小于，或者HandlePromotionFailure设置不允许冒险，那么这是也要改为进行一次Full GC。

这次所谓的冒险，是指新生代使用复制收集算法，但为了内存利用率，只使用一个Survivor空间来作为轮换备份，因此当出现大量对象在Minor GC后仍然存活的情况，就需要老年代进行分配担保，把Survivor无法容纳的对象直接进入老年代。这种担保的前提是老年代本身还有容纳这些对象的剩余空间，一共多少对象活下来在实际完成内存回收之前是无法明确知道的，所以只好取之前每一次回收晋升到老年代对象容量的平均值大小作为经验值，与老年代剩余空间进行比较，决定是否进行Full GC来让老年代腾出更多空间。

如果某次Minor GC存活后对象激增，远远高于平均水平，则依然会导致担保失败(Handle Promotion Failure)，那么就只能在失败后发起一次Full GC。大部分情况会将HandlePromotionFailure开关打开，避免Full GC过于频繁，

以上规则是在JDK1.6 Update 24之前的版本中的定义的，在JDK1.6 Update 24之后，规则变为只要老年代的连续空间大于新生代对象总大小或者历次晋升的平均大小就会进行Minor GC，否则进行Full GC，HandlePromotionFailure参数不会再影响到虚拟机的空间分配担保策略。

至此，我们对内存分配与回收策略的介绍就告一段落了，接下来得学习内容是虚拟机性能监控与故障处理工具。
